// Jest Snapshot v1, https://goo.gl/fbAQLP

exports[`ListItem should render correctly 1`] = `
<styled.li
  type="ul"
>
  list item
</styled.li>
`;
