// Jest Snapshot v1, https://goo.gl/fbAQLP

exports[`Heading should render correctly 1`] = `
<styled.h1
  appear=""
  type="h1"
/>
`;
