// Jest Snapshot v1, https://goo.gl/fbAQLP

exports[`List should render correctly 1`] = `
<styled.ul
  className=""
  type="ul"
>
  <li />
</styled.ul>
`;
